// Vitest Snapshot v1, https://vitest.dev/guide/snapshot.html

exports[`soilgrids parsing > matches backend contract snapshot for 3 golden points 1`] = `
[
  {
    "parcelId": "A",
    "profile": [
      {
        "bulkDensity_gcm3": 1.45,
        "cec_cmolkg": 16,
        "cfvo_pct": 5,
        "clay_pct": 32,
        "depth": "0-5cm",
        "nitrogen_pct": 0.15,
        "organicMatter_pct": 3.1,
        "ph": 6.8,
        "sand_pct": 28,
        "silt_pct": 40,
        "soc": {
          "unit": "g/kg",
          "value": 1.8,
        },
        "warnings": [],
      },
      {
        "bulkDensity_gcm3": 1.5,
        "cec_cmolkg": 15,
        "cfvo_pct": 8,
        "clay_pct": 30,
        "depth": "5-15cm",
        "nitrogen_pct": 0.12,
        "organicMatter_pct": 2.41,
        "ph": 6.7,
        "sand_pct": 28,
        "silt_pct": 42,
        "soc": {
          "unit": "g/kg",
          "value": 1.4,
        },
        "warnings": [],
      },
      {
        "bulkDensity_gcm3": 1.52,
        "cec_cmolkg": 14,
        "cfvo_pct": 10,
        "clay_pct": 28,
        "depth": "15-30cm",
        "nitrogen_pct": 0.08,
        "organicMatter_pct": 1.72,
        "ph": 6.5,
        "sand_pct": 32,
        "silt_pct": 40,
        "soc": {
          "unit": "g/kg",
          "value": 1,
        },
        "warnings": [],
      },
    ],
    "source": {
      "calcVersion": "v1.0.0",
      "endpoint": "properties/query",
      "fetchedAt": "2026-01-01T00:00:00.000Z",
      "lat": 43.61,
      "lon": 1.44,
      "name": "SoilGrids",
      "pointStrategy": "centroid",
      "resolution": "250m",
    },
    "summary": {
      "availableWater_mm": 223,
      "bulkDensity_gcm3": 1.45,
      "cec_cmolkg": 16,
      "confidence": "high",
      "depth_cm": 100,
      "drainage": "bon",
      "nitrogen_pct": 0.15,
      "organicMatter_pct": 3.1,
      "ph": 6.8,
      "porosity_pct": 45.3,
      "texture": {
        "clay_pct": 32,
        "sand_pct": 28,
        "silt_pct": 40,
      },
      "textureClass": "limono-argileux",
      "warnings": [],
    },
  },
  {
    "parcelId": "B",
    "profile": [
      {
        "bulkDensity_gcm3": 1.45,
        "cec_cmolkg": 16,
        "cfvo_pct": 5,
        "clay_pct": 32,
        "depth": "0-5cm",
        "nitrogen_pct": 0.15,
        "organicMatter_pct": 3.1,
        "ph": 6.8,
        "sand_pct": 28,
        "silt_pct": 40,
        "soc": {
          "unit": "g/kg",
          "value": 1.8,
        },
        "warnings": [],
      },
      {
        "bulkDensity_gcm3": 1.5,
        "cec_cmolkg": 15,
        "cfvo_pct": 8,
        "clay_pct": 30,
        "depth": "5-15cm",
        "nitrogen_pct": 0.12,
        "organicMatter_pct": 2.41,
        "ph": 6.7,
        "sand_pct": 28,
        "silt_pct": 42,
        "soc": {
          "unit": "g/kg",
          "value": 1.4,
        },
        "warnings": [],
      },
      {
        "bulkDensity_gcm3": 1.52,
        "cec_cmolkg": 14,
        "cfvo_pct": 10,
        "clay_pct": 28,
        "depth": "15-30cm",
        "nitrogen_pct": 0.08,
        "organicMatter_pct": 1.72,
        "ph": 6.5,
        "sand_pct": 32,
        "silt_pct": 40,
        "soc": {
          "unit": "g/kg",
          "value": 1,
        },
        "warnings": [],
      },
    ],
    "source": {
      "calcVersion": "v1.0.0",
      "endpoint": "properties/query",
      "fetchedAt": "2026-01-01T00:00:00.000Z",
      "lat": 47.21,
      "lon": -1.55,
      "name": "SoilGrids",
      "pointStrategy": "centroid",
      "resolution": "250m",
    },
    "summary": {
      "availableWater_mm": 223,
      "bulkDensity_gcm3": 1.45,
      "cec_cmolkg": 16,
      "confidence": "high",
      "depth_cm": 100,
      "drainage": "bon",
      "nitrogen_pct": 0.15,
      "organicMatter_pct": 3.1,
      "ph": 6.8,
      "porosity_pct": 45.3,
      "texture": {
        "clay_pct": 32,
        "sand_pct": 28,
        "silt_pct": 40,
      },
      "textureClass": "limono-argileux",
      "warnings": [],
    },
  },
  {
    "parcelId": "C",
    "profile": [
      {
        "bulkDensity_gcm3": 1.45,
        "cec_cmolkg": 16,
        "cfvo_pct": 5,
        "clay_pct": 32,
        "depth": "0-5cm",
        "nitrogen_pct": 0.15,
        "organicMatter_pct": 3.1,
        "ph": 6.8,
        "sand_pct": 28,
        "silt_pct": 40,
        "soc": {
          "unit": "g/kg",
          "value": 1.8,
        },
        "warnings": [],
      },
      {
        "bulkDensity_gcm3": 1.5,
        "cec_cmolkg": 15,
        "cfvo_pct": 8,
        "clay_pct": 30,
        "depth": "5-15cm",
        "nitrogen_pct": 0.12,
        "organicMatter_pct": 2.41,
        "ph": 6.7,
        "sand_pct": 28,
        "silt_pct": 42,
        "soc": {
          "unit": "g/kg",
          "value": 1.4,
        },
        "warnings": [],
      },
      {
        "bulkDensity_gcm3": 1.52,
        "cec_cmolkg": 14,
        "cfvo_pct": 10,
        "clay_pct": 28,
        "depth": "15-30cm",
        "nitrogen_pct": 0.08,
        "organicMatter_pct": 1.72,
        "ph": 6.5,
        "sand_pct": 32,
        "silt_pct": 40,
        "soc": {
          "unit": "g/kg",
          "value": 1,
        },
        "warnings": [],
      },
    ],
    "source": {
      "calcVersion": "v1.0.0",
      "endpoint": "properties/query",
      "fetchedAt": "2026-01-01T00:00:00.000Z",
      "lat": 45.76,
      "lon": 4.84,
      "name": "SoilGrids",
      "pointStrategy": "centroid",
      "resolution": "250m",
    },
    "summary": {
      "availableWater_mm": 223,
      "bulkDensity_gcm3": 1.45,
      "cec_cmolkg": 16,
      "confidence": "high",
      "depth_cm": 100,
      "drainage": "bon",
      "nitrogen_pct": 0.15,
      "organicMatter_pct": 3.1,
      "ph": 6.8,
      "porosity_pct": 45.3,
      "texture": {
        "clay_pct": 32,
        "sand_pct": 28,
        "silt_pct": 40,
      },
      "textureClass": "limono-argileux",
      "warnings": [],
    },
  },
]
`;
